[index-2.html]
[backblue.gif]
[fade.gif]
[index.html]
[index-2.html]
[new-kayak-sailing-rig.html]
[tag_kayaking.html]
[tag_sailing.html]
[website-revamp.html]
[tag_IT.html]
[disaster-recovery.html]
[disaster.html]
[python-udev-rules.html]
[new-kayak-sailing-rig.html]
[tag_kayaking.html]
[a-personal-portal.html]
[tag_skiing.html]
[val-disere.html]
[kayak-sailing-burnham-on-crouch.html]
[sailing-in-corfu.html]
[improved-docker-interface.html]
[custom-router-firmware.html]
[kayak-sailing-isle-of-wight.html]
[tag_sailing.html]
[website-revamp.html]
[building-a-kayak-sailing-rig.html]
[better-code-management.html]
[whistler-canada.html]
[kayak-sailing-maldon.html]
[reverse-proxying-containers.html]
[synology-migration.html]
[kayaking-royal-docks.html]
[solo-through-the-alps.html]
[tag_IT.html]
[disaster-recovery.html]
[tag_motorcycling.html]
[sailing-the-solent.html]
[replacing-land-line-with-voip.html]
[skiing-courchevel.html]
[techcrunch-disrupt-london-2017.html]
[tag_conference.html]
[into-the-arctic-circle-norway.html]
[3d-printed-backpack-lacing-router.html]
[disaster.html]
[python-udev-rules.html]
[strida-folding-bicycle.html]
[sometimes-you-just-cant-decide-whether-to-scoot-or-to-cycle.html]
[3d-printed-laptop-stand.html]
[tag_3dprinting.html]
[tuscany-and-back-in-a-weekend-by-bike.html]
[tag_scooting.html]
[tag_cycling.html]
[val-disere.html]
[tag_skiing.html]
[satnav-and-lights-for-the-bicycle.html]
[tag_datascience.html]
[motorcycle-tour-wales.html]
[tag_bigdata.html]
[cukeup-conference-london.html]
[security-on-the-road.html]
[back-on-the-snow.html]
[techcrunch-disrupt-london.html]
[a-personal-portal.html]
[kayak-sailing-burnham-on-crouch.html]
[tomato-router.html]
[3d-printed-camera-mount.html]
[skiing-in-saalbach.html]
[3d-printed-coffee-stand.html]
[tag_photography.html]
[50-shades-of-chrome.html]
[3d-printed-window-latch-spacers.html]
[motorcycle-tour-scotland.html]
[sailing-in-corfu.html]
[improved-docker-interface.html]
[che-bella-dolomiti.html]
[rome-by-bike.html]
[back-to-val-gardena.html]
[digiscoping.html]
[tag_KDB.html]
[stripping-down-the-old-servers.html]
[kx-at-the-k-club.html]
[testing-the-triumph-sprint-gt-1050.html]
[kayak-sailing-isle-of-wight.html]
[custom-router-firmware.html]
[kayak-sailing-maldon.html]
[building-a-kayak-sailing-rig.html]
[reverse-proxying-containers.html]
[kayaking-royal-docks.html]
[better-code-management.html]
[whistler-canada.html]
[synology-migration.html]
[solo-through-the-alps.html]
[tag_motorcycling.html]
[sailing-the-solent.html]
[techcrunch-disrupt-london-2017.html]
[tag_conference.html]
[skiing-courchevel.html]
[into-the-arctic-circle-norway.html]
[replacing-land-line-with-voip.html]
[3d-printed-backpack-lacing-router.html]
[tag_3dprinting.html]
[tuscany-and-back-in-a-weekend-by-bike.html]
[sometimes-you-just-cant-decide-whether-to-scoot-or-to-cycle.html]
[tag_cycling.html]
[tag_scooting.html]
[strida-folding-bicycle.html]
[3d-printed-laptop-stand.html]
[satnav-and-lights-for-the-bicycle.html]
[cukeup-conference-london.html]
[tag_datascience.html]
[tag_bigdata.html]
[security-on-the-road.html]
[back-on-the-snow.html]
[techcrunch-disrupt-london.html]
[motorcycle-tour-wales.html]
[50-shades-of-chrome.html]
[tomato-router.html]
[skiing-in-saalbach.html]
[3d-printed-coffee-stand.html]
[3d-printed-window-latch-spacers.html]
[motorcycle-tour-scotland.html]
[3d-printed-camera-mount.html]
[tag_photography.html]
[digiscoping.html]
[che-bella-dolomiti.html]
[rome-by-bike.html]
[testing-the-triumph-sprint-gt-1050.html]
[back-to-val-gardena.html]
[stripping-down-the-old-servers.html]
[kx-at-the-k-club.html]
[tag_KDB.html]
[biking-in-the-snow.html]
[converting-the-mountain-bike-to-slicks.html]
[skiing-in-yllas-finland.html]
[tag_parachuting.html]
[failing-to-parachute-in-a-good-way.html]
[bye-bye-cbr-hello-848.html]
[skiing-in-yllas-finland.html]
[biking-in-the-snow.html]
[converting-the-mountain-bike-to-slicks.html]
[failing-to-parachute-in-a-good-way.html]
[tag_parachuting.html]
[bye-bye-cbr-hello-848.html]
[user/plugins/markdown-notices/assets/notices.css]
[user/plugins/form/assets/form-styles.css]
[user/plugins/login/css/login.css]
[user/themes/myblog/css/bricklayer.css]
[user/themes/myblog/css-compiled/spectre.min.css]
[user/themes/myblog/css-compiled/theme.min.css]
[user/themes/myblog/css/custom.css]
[user/themes/myblog/fonts/line-awesomed41d.eot]
[user/themes/myblog/fonts/line-awesome3e6e.woff2]
[user/themes/myblog/fonts/line-awesome3e6e.woff]
[user/themes/myblog/fonts/line-awesome3e6e.ttf]
[user/themes/myblog/css/line-awesome.min.css]
[user/themes/myblog/js/jquery.treemenu.js]
[user/themes/myblog/js/site.js]
[user/themes/myblog/fonts/line-awesome3e6e.eot]
[user/themes/myblog/fonts/line-awesomed41d.eot]
[user/themes/myblog/fonts/line-awesome3e6e.woff2]
[user/themes/myblog/fonts/line-awesome3e6e.ttf]
[user/themes/myblog/fonts/line-awesome3e6e.svg]
